Partial order:
5 : 25 
25 : 

Longest monotonically increasing sequences:
5 < 25 
