Partial order:
5 : 50 
50 : 

Longest monotonically increasing sequences:
5 < 50 
