Partial order:
2 : 

Longest monotonically increasing sequences:
2 
