Partial order:
3 : 

Longest monotonically increasing sequences:
3 
