Partial order:
7 : 

Longest monotonically increasing sequences:
7 
