Partial order:
4 : 

Longest monotonically increasing sequences:
4 
