Partial order:
9 : 

Longest monotonically increasing sequences:
9 
