Partial order:
1 : 124 
2 : 124 
4 : 124 
124 : 

Longest monotonically increasing sequences:
1 < 124 
2 < 124 
4 < 124 
