Partial order:
1 : 11 15 1155 
5 : 15 55 1155 
11 : 1155 
15 : 1155 
55 : 1155 
1155 : 

Longest monotonically increasing sequences:
1 < 11 < 1155 
1 < 15 < 1155 
5 < 15 < 1155 
5 < 55 < 1155 
