Partial order:
1 : 12 16 5144 15432 41152 123456 
2 : 12 24 32 15432 41152 123456 
3 : 15432 123456 
4 : 24 64 5144 15432 41152 123456 
6 : 123456 
12 : 15432 123456 
16 : 123456 
24 : 15432 123456 
32 : 123456 
64 : 123456 
643 : 123456 
5144 : 15432 41152 123456 
15432 : 123456 
41152 : 123456 
123456 : 

Longest monotonically increasing sequences:
1 < 12 < 15432 < 123456 
1 < 5144 < 15432 < 123456 
1 < 5144 < 41152 < 123456 
2 < 12 < 15432 < 123456 
2 < 24 < 15432 < 123456 
4 < 24 < 15432 < 123456 
4 < 5144 < 15432 < 123456 
4 < 5144 < 41152 < 123456 
