Partial order:
5 : 

Longest monotonically increasing sequences:
5 
