Partial order:
1 : 12 
2 : 12 
12 : 

Longest monotonically increasing sequences:
1 < 12 
2 < 12 
