Partial order:
1 : 10 
10 : 

Longest monotonically increasing sequences:
1 < 10 
