Partial order:
1 : 18 141 131337 685871 1371742 4115226 12345678 
2 : 282 262674 1371742 4115226 12345678 
3 : 423 131337 12345678 
6 : 846 262674 4115226 12345678 
18 : 12345678 
47 : 1371742 12345678 
141 : 4115226 12345678 
282 : 12345678 
423 : 12345678 
846 : 12345678 
87558 : 12345678 
131337 : 12345678 
262674 : 12345678 
685871 : 12345678 
1371742 : 12345678 
4115226 : 12345678 
12345678 : 

Longest monotonically increasing sequences:
1 < 141 < 4115226 < 12345678 
