Partial order:
1 : 10 100 1000 10000 100000 
10 : 100 1000 10000 100000 
100 : 1000 10000 100000 
1000 : 10000 100000 
10000 : 100000 
100000 : 

Longest monotonically increasing sequences:
1 < 10 < 100 < 1000 < 10000 < 100000 
