Partial order:
8 : 

Longest monotonically increasing sequences:
8 
