Partial order:
6 : 

Longest monotonically increasing sequences:
6 
